// Jest Snapshot v1, https://goo.gl/fbAQLP

exports[`App renders correctly 1`] = `
<View
  onLayout={[Function]}
  style={
    Array [
      Object {
        "flex": 1,
      },
      Object {
        "flex": 1,
      },
    ]
  }
>
  <View
    style={
      Object {
        "flex": 1,
        "flexDirection": "column-reverse",
      }
    }
  >
    <View
      style={
        Array [
          Object {
            "flex": 1,
          },
          undefined,
        ]
      }
    >
      <View
        onMoveShouldSetResponder={[Function]}
        onMoveShouldSetResponderCapture={[Function]}
        onResponderEnd={[Function]}
        onResponderGrant={[Function]}
        onResponderMove={[Function]}
        onResponderReject={[Function]}
        onResponderRelease={[Function]}
        onResponderStart={[Function]}
        onResponderTerminate={[Function]}
        onResponderTerminationRequest={[Function]}
        onStartShouldSetResponder={[Function]}
        onStartShouldSetResponderCapture={[Function]}
        pointerEvents="auto"
        style={
          Object {
            "backgroundColor": "#E9E9EF",
            "bottom": 0,
            "left": 0,
            "opacity": 1,
            "position": "absolute",
            "right": 0,
            "shadowColor": "black",
            "shadowOffset": Object {
              "height": 0,
              "width": 0,
            },
            "shadowOpacity": 0.4,
            "shadowRadius": 10,
            "top": 0,
            "transform": Array [
              Object {
                "translateX": 0,
              },
              Object {
                "translateY": 0,
              },
            ],
          }
        }
      >
        <View
          style={
            Object {
              "alignItems": "center",
              "flex": 1,
              "justifyContent": "center",
            }
          }
        >
          <Image
            source={1}
          />
        </View>
      </View>
    </View>
  </View>
</View>
`;
